// Jest Snapshot v1, https://goo.gl/fbAQLP

exports[`get public URL 1`] = `
Object {
  "publicURL": "/object/public/my-new-bucket-1622499505045/profiles/myUniqueUserId/profile.png",
}
`;

exports[`get public URL 2`] = `"http://localhost:8000/storage/v1/object/public/my-new-bucket-1622499505045/profiles/myUniqueUserId/profile.png"`;
